[0.784s] Invoking command in '/home/ashutosh/Desktop/camera_ws/src/image_conversion_pkg': PYTHONPATH=/home/ashutosh/Desktop/camera_ws/build/image_conversion_pkg/prefix_override:/usr/lib/python3/dist-packages/colcon_core/task/python/colcon_distutils_commands:/home/ashutosh/Desktop/camera_ws/install/image_conversion_pkg/lib/python3.10/site-packages:${PYTHONPATH} /usr/bin/python3 -W ignore:setup.py install is deprecated -W ignore:easy_install command is deprecated setup.py egg_info --egg-base ../../build/image_conversion_pkg build --build-base /home/ashutosh/Desktop/camera_ws/build/image_conversion_pkg/build install --record /home/ashutosh/Desktop/camera_ws/build/image_conversion_pkg/install.log --single-version-externally-managed install_data
[1.089s] running egg_info
[1.090s] writing ../../build/image_conversion_pkg/image_conversion_pkg.egg-info/PKG-INFO
[1.090s] writing dependency_links to ../../build/image_conversion_pkg/image_conversion_pkg.egg-info/dependency_links.txt
[1.090s] writing entry points to ../../build/image_conversion_pkg/image_conversion_pkg.egg-info/entry_points.txt
[1.090s] writing requirements to ../../build/image_conversion_pkg/image_conversion_pkg.egg-info/requires.txt
[1.090s] writing top-level names to ../../build/image_conversion_pkg/image_conversion_pkg.egg-info/top_level.txt
[1.092s] reading manifest file '../../build/image_conversion_pkg/image_conversion_pkg.egg-info/SOURCES.txt'
[1.100s] writing manifest file '../../build/image_conversion_pkg/image_conversion_pkg.egg-info/SOURCES.txt'
[1.100s] running build
[1.100s] running build_py
[1.100s] running install
[1.100s] running install_lib
[1.101s] running install_data
[1.101s] copying launch/image_conversion_launch.py -> /home/ashutosh/Desktop/camera_ws/install/image_conversion_pkg/share/image_conversion_pkg/launch
[1.101s] running install_egg_info
[1.103s] removing '/home/ashutosh/Desktop/camera_ws/install/image_conversion_pkg/lib/python3.10/site-packages/image_conversion_pkg-0.0.0-py3.10.egg-info' (and everything under it)
[1.103s] Copying ../../build/image_conversion_pkg/image_conversion_pkg.egg-info to /home/ashutosh/Desktop/camera_ws/install/image_conversion_pkg/lib/python3.10/site-packages/image_conversion_pkg-0.0.0-py3.10.egg-info
[1.104s] running install_scripts
[1.123s] Installing image_conversion_node script to /home/ashutosh/Desktop/camera_ws/install/image_conversion_pkg/lib/image_conversion_pkg
[1.123s] writing list of installed files to '/home/ashutosh/Desktop/camera_ws/build/image_conversion_pkg/install.log'
[1.155s] Invoked command in '/home/ashutosh/Desktop/camera_ws/src/image_conversion_pkg' returned '0': PYTHONPATH=/home/ashutosh/Desktop/camera_ws/build/image_conversion_pkg/prefix_override:/usr/lib/python3/dist-packages/colcon_core/task/python/colcon_distutils_commands:/home/ashutosh/Desktop/camera_ws/install/image_conversion_pkg/lib/python3.10/site-packages:${PYTHONPATH} /usr/bin/python3 -W ignore:setup.py install is deprecated -W ignore:easy_install command is deprecated setup.py egg_info --egg-base ../../build/image_conversion_pkg build --build-base /home/ashutosh/Desktop/camera_ws/build/image_conversion_pkg/build install --record /home/ashutosh/Desktop/camera_ws/build/image_conversion_pkg/install.log --single-version-externally-managed install_data
