running egg_info
creating ../../build/image_conversion_pkg/image_conversion_pkg.egg-info
writing ../../build/image_conversion_pkg/image_conversion_pkg.egg-info/PKG-INFO
writing dependency_links to ../../build/image_conversion_pkg/image_conversion_pkg.egg-info/dependency_links.txt
writing entry points to ../../build/image_conversion_pkg/image_conversion_pkg.egg-info/entry_points.txt
writing requirements to ../../build/image_conversion_pkg/image_conversion_pkg.egg-info/requires.txt
writing top-level names to ../../build/image_conversion_pkg/image_conversion_pkg.egg-info/top_level.txt
writing manifest file '../../build/image_conversion_pkg/image_conversion_pkg.egg-info/SOURCES.txt'
reading manifest file '../../build/image_conversion_pkg/image_conversion_pkg.egg-info/SOURCES.txt'
writing manifest file '../../build/image_conversion_pkg/image_conversion_pkg.egg-info/SOURCES.txt'
running build
running build_py
creating /home/ashutosh/Desktop/camera_ws/build/image_conversion_pkg/build
creating /home/ashutosh/Desktop/camera_ws/build/image_conversion_pkg/build/lib
creating /home/ashutosh/Desktop/camera_ws/build/image_conversion_pkg/build/lib/image_conversion_pkg
copying image_conversion_pkg/image_conversion_node.py -> /home/ashutosh/Desktop/camera_ws/build/image_conversion_pkg/build/lib/image_conversion_pkg
copying image_conversion_pkg/__init__.py -> /home/ashutosh/Desktop/camera_ws/build/image_conversion_pkg/build/lib/image_conversion_pkg
running install
running install_lib
creating /home/ashutosh/Desktop/camera_ws/install/image_conversion_pkg/lib/python3.10/site-packages/image_conversion_pkg
copying /home/ashutosh/Desktop/camera_ws/build/image_conversion_pkg/build/lib/image_conversion_pkg/image_conversion_node.py -> /home/ashutosh/Desktop/camera_ws/install/image_conversion_pkg/lib/python3.10/site-packages/image_conversion_pkg
copying /home/ashutosh/Desktop/camera_ws/build/image_conversion_pkg/build/lib/image_conversion_pkg/__init__.py -> /home/ashutosh/Desktop/camera_ws/install/image_conversion_pkg/lib/python3.10/site-packages/image_conversion_pkg
byte-compiling /home/ashutosh/Desktop/camera_ws/install/image_conversion_pkg/lib/python3.10/site-packages/image_conversion_pkg/image_conversion_node.py to image_conversion_node.cpython-310.pyc
byte-compiling /home/ashutosh/Desktop/camera_ws/install/image_conversion_pkg/lib/python3.10/site-packages/image_conversion_pkg/__init__.py to __init__.cpython-310.pyc
running install_data
creating /home/ashutosh/Desktop/camera_ws/install/image_conversion_pkg/share/ament_index
creating /home/ashutosh/Desktop/camera_ws/install/image_conversion_pkg/share/ament_index/resource_index
creating /home/ashutosh/Desktop/camera_ws/install/image_conversion_pkg/share/ament_index/resource_index/packages
copying resource/image_conversion_pkg -> /home/ashutosh/Desktop/camera_ws/install/image_conversion_pkg/share/ament_index/resource_index/packages
copying package.xml -> /home/ashutosh/Desktop/camera_ws/install/image_conversion_pkg/share/image_conversion_pkg
creating /home/ashutosh/Desktop/camera_ws/install/image_conversion_pkg/share/image_conversion_pkg/launch
copying launch/image_conversion_launch.py -> /home/ashutosh/Desktop/camera_ws/install/image_conversion_pkg/share/image_conversion_pkg/launch
running install_egg_info
Copying ../../build/image_conversion_pkg/image_conversion_pkg.egg-info to /home/ashutosh/Desktop/camera_ws/install/image_conversion_pkg/lib/python3.10/site-packages/image_conversion_pkg-0.0.0-py3.10.egg-info
running install_scripts
Installing image_conversion_node script to /home/ashutosh/Desktop/camera_ws/install/image_conversion_pkg/lib/image_conversion_pkg
writing list of installed files to '/home/ashutosh/Desktop/camera_ws/build/image_conversion_pkg/install.log'
