[0.856s] Invoking command in '/home/ashutosh/Desktop/camera_ws/src/image_conversion_pkg': PYTHONPATH=/home/ashutosh/Desktop/camera_ws/build/image_conversion_pkg/prefix_override:/usr/lib/python3/dist-packages/colcon_core/task/python/colcon_distutils_commands:/home/ashutosh/Desktop/camera_ws/install/image_conversion_pkg/lib/python3.10/site-packages:${PYTHONPATH} /usr/bin/python3 -W ignore:setup.py install is deprecated -W ignore:easy_install command is deprecated setup.py egg_info --egg-base ../../build/image_conversion_pkg build --build-base /home/ashutosh/Desktop/camera_ws/build/image_conversion_pkg/build install --record /home/ashutosh/Desktop/camera_ws/build/image_conversion_pkg/install.log --single-version-externally-managed install_data
[1.150s] running egg_info
[1.151s] creating ../../build/image_conversion_pkg/image_conversion_pkg.egg-info
[1.151s] writing ../../build/image_conversion_pkg/image_conversion_pkg.egg-info/PKG-INFO
[1.152s] writing dependency_links to ../../build/image_conversion_pkg/image_conversion_pkg.egg-info/dependency_links.txt
[1.152s] writing entry points to ../../build/image_conversion_pkg/image_conversion_pkg.egg-info/entry_points.txt
[1.152s] writing requirements to ../../build/image_conversion_pkg/image_conversion_pkg.egg-info/requires.txt
[1.152s] writing top-level names to ../../build/image_conversion_pkg/image_conversion_pkg.egg-info/top_level.txt
[1.152s] writing manifest file '../../build/image_conversion_pkg/image_conversion_pkg.egg-info/SOURCES.txt'
[1.154s] reading manifest file '../../build/image_conversion_pkg/image_conversion_pkg.egg-info/SOURCES.txt'
[1.154s] writing manifest file '../../build/image_conversion_pkg/image_conversion_pkg.egg-info/SOURCES.txt'
[1.154s] running build
[1.154s] running build_py
[1.155s] creating /home/ashutosh/Desktop/camera_ws/build/image_conversion_pkg/build
[1.155s] creating /home/ashutosh/Desktop/camera_ws/build/image_conversion_pkg/build/lib
[1.155s] creating /home/ashutosh/Desktop/camera_ws/build/image_conversion_pkg/build/lib/image_conversion_pkg
[1.155s] copying image_conversion_pkg/__init__.py -> /home/ashutosh/Desktop/camera_ws/build/image_conversion_pkg/build/lib/image_conversion_pkg
[1.155s] running install
[1.155s] running install_lib
[1.156s] creating /home/ashutosh/Desktop/camera_ws/install/image_conversion_pkg/lib/python3.10/site-packages/image_conversion_pkg
[1.156s] copying /home/ashutosh/Desktop/camera_ws/build/image_conversion_pkg/build/lib/image_conversion_pkg/__init__.py -> /home/ashutosh/Desktop/camera_ws/install/image_conversion_pkg/lib/python3.10/site-packages/image_conversion_pkg
[1.156s] byte-compiling /home/ashutosh/Desktop/camera_ws/install/image_conversion_pkg/lib/python3.10/site-packages/image_conversion_pkg/__init__.py to __init__.cpython-310.pyc
[1.157s] running install_data
[1.157s] creating /home/ashutosh/Desktop/camera_ws/install/image_conversion_pkg/share/ament_index
[1.157s] creating /home/ashutosh/Desktop/camera_ws/install/image_conversion_pkg/share/ament_index/resource_index
[1.157s] creating /home/ashutosh/Desktop/camera_ws/install/image_conversion_pkg/share/ament_index/resource_index/packages
[1.157s] copying resource/image_conversion_pkg -> /home/ashutosh/Desktop/camera_ws/install/image_conversion_pkg/share/ament_index/resource_index/packages
[1.157s] copying package.xml -> /home/ashutosh/Desktop/camera_ws/install/image_conversion_pkg/share/image_conversion_pkg
[1.157s] running install_egg_info
[1.159s] Copying ../../build/image_conversion_pkg/image_conversion_pkg.egg-info to /home/ashutosh/Desktop/camera_ws/install/image_conversion_pkg/lib/python3.10/site-packages/image_conversion_pkg-0.0.0-py3.10.egg-info
[1.160s] running install_scripts
[1.178s] writing list of installed files to '/home/ashutosh/Desktop/camera_ws/build/image_conversion_pkg/install.log'
[1.208s] Invoked command in '/home/ashutosh/Desktop/camera_ws/src/image_conversion_pkg' returned '0': PYTHONPATH=/home/ashutosh/Desktop/camera_ws/build/image_conversion_pkg/prefix_override:/usr/lib/python3/dist-packages/colcon_core/task/python/colcon_distutils_commands:/home/ashutosh/Desktop/camera_ws/install/image_conversion_pkg/lib/python3.10/site-packages:${PYTHONPATH} /usr/bin/python3 -W ignore:setup.py install is deprecated -W ignore:easy_install command is deprecated setup.py egg_info --egg-base ../../build/image_conversion_pkg build --build-base /home/ashutosh/Desktop/camera_ws/build/image_conversion_pkg/build install --record /home/ashutosh/Desktop/camera_ws/build/image_conversion_pkg/install.log --single-version-externally-managed install_data
