[0.000000] (-) TimerEvent: {}
[0.000688] (image_conversion_pkg) JobQueued: {'identifier': 'image_conversion_pkg', 'dependencies': OrderedDict()}
[0.000720] (image_conversion_pkg) JobStarted: {'identifier': 'image_conversion_pkg'}
[0.099773] (-) TimerEvent: {}
[0.200203] (-) TimerEvent: {}
[0.300615] (-) TimerEvent: {}
[0.400990] (-) TimerEvent: {}
[0.501343] (-) TimerEvent: {}
[0.601736] (-) TimerEvent: {}
[0.702076] (-) TimerEvent: {}
[0.771991] (image_conversion_pkg) Command: {'cmd': ['/usr/bin/python3', '-W', 'ignore:setup.py install is deprecated', '-W', 'ignore:easy_install command is deprecated', 'setup.py', 'egg_info', '--egg-base', '../../build/image_conversion_pkg', 'build', '--build-base', '/home/ashutosh/Desktop/camera_ws/build/image_conversion_pkg/build', 'install', '--record', '/home/ashutosh/Desktop/camera_ws/build/image_conversion_pkg/install.log', '--single-version-externally-managed', 'install_data'], 'cwd': '/home/ashutosh/Desktop/camera_ws/src/image_conversion_pkg', 'env': {'LESSOPEN': '| /usr/bin/lesspipe %s', 'PYTHONWARNINGS': 'ignore:::setuptools.installer,ignore:::setuptools.command.install,ignore:::setuptools.command.easy_install', 'CCACHE_TEMPDIR': '/tmp/ccache', 'LANGUAGE': 'en_IN:en', 'USER': 'ashutosh', 'XDG_SESSION_TYPE': 'wayland', 'SHLVL': '1', 'LD_LIBRARY_PATH': '/usr/lib/x86_64-linux-gnu/gazebo-11/plugins:/opt/ros/humble/opt/rviz_ogre_vendor/lib:/opt/ros/humble/lib/x86_64-linux-gnu:/opt/ros/humble/lib:/home/ashutosh/.mujoco/mujoco210/bin', 'HOME': '/home/ashutosh', 'DESKTOP_SESSION': 'ubuntu', 'ROS_PYTHON_VERSION': '3', 'GNOME_SHELL_SESSION_MODE': 'ubuntu', 'GTK_MODULES': 'gail:atk-bridge:appmenu-gtk-module', 'DBUS_STARTER_BUS_TYPE': 'session', 'SYSTEMD_EXEC_PID': '2591', 'DBUS_SESSION_BUS_ADDRESS': 'unix:path=/run/user/1000/bus,guid=831afee0521dc237b93d386469a83732', 'COLORTERM': 'truecolor', 'IM_CONFIG_PHASE': '1', 'WAYLAND_DISPLAY': 'wayland-0', 'ROS_DISTRO': 'humble', 'LOGNAME': 'ashutosh', '_': '/usr/bin/colcon', 'ROS_VERSION': '2', 'XDG_SESSION_CLASS': 'user', 'USERNAME': 'ashutosh', 'TERM': 'xterm-256color', 'GNOME_DESKTOP_SESSION_ID': 'this-is-deprecated', 'ROS_LOCALHOST_ONLY': '0', 'PATH': '/opt/ros/humble/bin:/home/ashutosh/.local/bin:/home/ashutosh/bin:/usr/local/sbin:/usr/local/bin:/usr/sbin:/usr/bin:/sbin:/bin:/usr/games:/usr/local/games:/snap/bin:/snap/bin', 'SESSION_MANAGER': 'local/ashu-ka-pc:@/tmp/.ICE-unix/2591,unix/ashu-ka-pc:/tmp/.ICE-unix/2591', 'XDG_MENU_PREFIX': 'gnome-', 'GNOME_TERMINAL_SCREEN': '/org/gnome/Terminal/screen/e5ad39de_01f1_4b8b_b8d9_73da4aba0afd', 'GNOME_SETUP_DISPLAY': ':1', 'XDG_RUNTIME_DIR': '/run/user/1000', 'MUJOCO_PY_MUJOCO_PATH': '/home/ashutosh/.mujoco/mujoco210', 'DISPLAY': ':0', 'LANG': 'en_US.UTF-8', 'XDG_CURRENT_DESKTOP': 'ubuntu:GNOME', 'RMW_IMPLEMENTATION': 'rmw_cyclonedds_cpp', 'XMODIFIERS': '@im=ibus', 'XDG_SESSION_DESKTOP': 'ubuntu', 'XAUTHORITY': '/run/user/1000/.mutter-Xwaylandauth.WJAQL3', 'LS_COLORS': '', 'GNOME_TERMINAL_SERVICE': ':1.188', 'SSH_AGENT_LAUNCHER': 'gnome-keyring', 'SSH_AUTH_SOCK': '/run/user/1000/keyring/ssh', 'AMENT_PREFIX_PATH': '/opt/ros/humble', 'SHELL': '/bin/bash', 'QT_ACCESSIBILITY': '1', 'GDMSESSION': 'ubuntu', 'LESSCLOSE': '/usr/bin/lesspipe %s %s', 'CMAKE_EXPORT_COMPILE_COMMANDS': 'ON', 'QT_IM_MODULE': 'ibus', 'PWD': '/home/ashutosh/Desktop/camera_ws/build/image_conversion_pkg', 'TURTLEBOT3_MODEL': 'burger', 'LC_ALL': 'en_US.UTF-8', 'XDG_CONFIG_DIRS': '/etc/xdg/xdg-ubuntu:/etc/xdg', 'DBUS_STARTER_ADDRESS': 'unix:path=/run/user/1000/bus,guid=831afee0521dc237b93d386469a83732', 'XDG_DATA_DIRS': '/usr/share/ubuntu:/usr/local/share/:/usr/share/:/var/lib/snapd/desktop', 'PYTHONPATH': '/home/ashutosh/Desktop/camera_ws/build/image_conversion_pkg/prefix_override:/usr/lib/python3/dist-packages/colcon_core/task/python/colcon_distutils_commands:/home/ashutosh/Desktop/camera_ws/install/image_conversion_pkg/lib/python3.10/site-packages:/opt/ros/humble/lib/python3.10/site-packages:/opt/ros/humble/local/lib/python3.10/dist-packages', 'COLCON': '1', 'VTE_VERSION': '6800'}, 'shell': False}
[0.802176] (-) TimerEvent: {}
[0.902546] (-) TimerEvent: {}
[1.003022] (-) TimerEvent: {}
[1.069549] (image_conversion_pkg) StdoutLine: {'line': b'running egg_info\n'}
[1.070248] (image_conversion_pkg) StdoutLine: {'line': b'writing ../../build/image_conversion_pkg/image_conversion_pkg.egg-info/PKG-INFO\n'}
[1.070457] (image_conversion_pkg) StdoutLine: {'line': b'writing dependency_links to ../../build/image_conversion_pkg/image_conversion_pkg.egg-info/dependency_links.txt\n'}
[1.070775] (image_conversion_pkg) StdoutLine: {'line': b'writing entry points to ../../build/image_conversion_pkg/image_conversion_pkg.egg-info/entry_points.txt\n'}
[1.070939] (image_conversion_pkg) StdoutLine: {'line': b'writing requirements to ../../build/image_conversion_pkg/image_conversion_pkg.egg-info/requires.txt\n'}
[1.071088] (image_conversion_pkg) StdoutLine: {'line': b'writing top-level names to ../../build/image_conversion_pkg/image_conversion_pkg.egg-info/top_level.txt\n'}
[1.072458] (image_conversion_pkg) StdoutLine: {'line': b"reading manifest file '../../build/image_conversion_pkg/image_conversion_pkg.egg-info/SOURCES.txt'\n"}
[1.080110] (image_conversion_pkg) StdoutLine: {'line': b"writing manifest file '../../build/image_conversion_pkg/image_conversion_pkg.egg-info/SOURCES.txt'\n"}
[1.080287] (image_conversion_pkg) StdoutLine: {'line': b'running build\n'}
[1.080344] (image_conversion_pkg) StdoutLine: {'line': b'running build_py\n'}
[1.080447] (image_conversion_pkg) StdoutLine: {'line': b'running install\n'}
[1.080725] (image_conversion_pkg) StdoutLine: {'line': b'running install_lib\n'}
[1.081847] (image_conversion_pkg) StdoutLine: {'line': b'running install_data\n'}
[1.082029] (image_conversion_pkg) StdoutLine: {'line': b'running install_egg_info\n'}
[1.083886] (image_conversion_pkg) StdoutLine: {'line': b"removing '/home/ashutosh/Desktop/camera_ws/install/image_conversion_pkg/lib/python3.10/site-packages/image_conversion_pkg-0.0.0-py3.10.egg-info' (and everything under it)\n"}
[1.083970] (image_conversion_pkg) StdoutLine: {'line': b'Copying ../../build/image_conversion_pkg/image_conversion_pkg.egg-info to /home/ashutosh/Desktop/camera_ws/install/image_conversion_pkg/lib/python3.10/site-packages/image_conversion_pkg-0.0.0-py3.10.egg-info\n'}
[1.084511] (image_conversion_pkg) StdoutLine: {'line': b'running install_scripts\n'}
[1.101916] (image_conversion_pkg) StdoutLine: {'line': b'Installing image_conversion_node script to /home/ashutosh/Desktop/camera_ws/install/image_conversion_pkg/lib/image_conversion_pkg\n'}
[1.102270] (image_conversion_pkg) StdoutLine: {'line': b"writing list of installed files to '/home/ashutosh/Desktop/camera_ws/build/image_conversion_pkg/install.log'\n"}
[1.103095] (-) TimerEvent: {}
[1.132386] (image_conversion_pkg) CommandEnded: {'returncode': 0}
[1.142052] (image_conversion_pkg) JobEnded: {'identifier': 'image_conversion_pkg', 'rc': 0}
[1.142648] (-) EventReactorShutdown: {}
