[0.801s] Invoking command in '/home/ashutosh/Desktop/camera_ws/src/image_conversion_pkg': PYTHONPATH=/home/ashutosh/Desktop/camera_ws/build/image_conversion_pkg/prefix_override:/usr/lib/python3/dist-packages/colcon_core/task/python/colcon_distutils_commands:/home/ashutosh/Desktop/camera_ws/install/image_conversion_pkg/lib/python3.10/site-packages:${PYTHONPATH} /usr/bin/python3 -W ignore:setup.py install is deprecated -W ignore:easy_install command is deprecated setup.py egg_info --egg-base ../../build/image_conversion_pkg build --build-base /home/ashutosh/Desktop/camera_ws/build/image_conversion_pkg/build install --record /home/ashutosh/Desktop/camera_ws/build/image_conversion_pkg/install.log --single-version-externally-managed install_data
[1.095s] running egg_info
[1.096s] writing ../../build/image_conversion_pkg/image_conversion_pkg.egg-info/PKG-INFO
[1.096s] writing dependency_links to ../../build/image_conversion_pkg/image_conversion_pkg.egg-info/dependency_links.txt
[1.096s] writing entry points to ../../build/image_conversion_pkg/image_conversion_pkg.egg-info/entry_points.txt
[1.096s] writing requirements to ../../build/image_conversion_pkg/image_conversion_pkg.egg-info/requires.txt
[1.096s] writing top-level names to ../../build/image_conversion_pkg/image_conversion_pkg.egg-info/top_level.txt
[1.098s] reading manifest file '../../build/image_conversion_pkg/image_conversion_pkg.egg-info/SOURCES.txt'
[1.105s] writing manifest file '../../build/image_conversion_pkg/image_conversion_pkg.egg-info/SOURCES.txt'
[1.106s] running build
[1.106s] running build_py
[1.106s] running install
[1.106s] running install_lib
[1.107s] running install_data
[1.107s] creating /home/ashutosh/Desktop/camera_ws/install/image_conversion_pkg/share/image_conversion_pkg/launch
[1.107s] running install_egg_info
[1.109s] removing '/home/ashutosh/Desktop/camera_ws/install/image_conversion_pkg/lib/python3.10/site-packages/image_conversion_pkg-0.0.0-py3.10.egg-info' (and everything under it)
[1.109s] Copying ../../build/image_conversion_pkg/image_conversion_pkg.egg-info to /home/ashutosh/Desktop/camera_ws/install/image_conversion_pkg/lib/python3.10/site-packages/image_conversion_pkg-0.0.0-py3.10.egg-info
[1.110s] running install_scripts
[1.128s] Installing image_conversion_node script to /home/ashutosh/Desktop/camera_ws/install/image_conversion_pkg/lib/image_conversion_pkg
[1.128s] writing list of installed files to '/home/ashutosh/Desktop/camera_ws/build/image_conversion_pkg/install.log'
[1.159s] Invoked command in '/home/ashutosh/Desktop/camera_ws/src/image_conversion_pkg' returned '0': PYTHONPATH=/home/ashutosh/Desktop/camera_ws/build/image_conversion_pkg/prefix_override:/usr/lib/python3/dist-packages/colcon_core/task/python/colcon_distutils_commands:/home/ashutosh/Desktop/camera_ws/install/image_conversion_pkg/lib/python3.10/site-packages:${PYTHONPATH} /usr/bin/python3 -W ignore:setup.py install is deprecated -W ignore:easy_install command is deprecated setup.py egg_info --egg-base ../../build/image_conversion_pkg build --build-base /home/ashutosh/Desktop/camera_ws/build/image_conversion_pkg/build install --record /home/ashutosh/Desktop/camera_ws/build/image_conversion_pkg/install.log --single-version-externally-managed install_data
